# Tuesday, November 26
2019-11-26T07:00+0100	on
2019-11-26T07:48+0100	off
2019-11-26T08:12+0100	resume
2019-11-26T09:51+0100	off
2019-11-26T10:43+0100	resume
2019-11-26T11:45+0100	off
2019-11-26T12:28+0100	resume
2019-11-26T17:53+0100	off

# Thursday, November 28
2019-11-28T08:55+0100	on
2019-11-28T12:05+0100	off
2019-11-28T12:53+0100	resume
2019-11-28T18:07+0100	off

